<title lang="en">Learning XML</title><title lang="en">XQuery Kick Start</title>